------------------------------------------------------------
TimeQuest Timing Analyzer Summary
------------------------------------------------------------

Type  : Slow 1100mV 85C Model Setup 'Clk'
Slack : -5.328
TNS   : -95.875

Type  : Slow 1100mV 85C Model Setup 'lpm_counter0:inst|lpm_counter:LPM_COUNTER_component|cntr_38j:auto_generated|counter_reg_bit[25]'
Slack : -0.937
TNS   : -3.074

Type  : Slow 1100mV 85C Model Hold 'Clk'
Slack : -1.012
TNS   : -24.113

Type  : Slow 1100mV 85C Model Hold 'lpm_counter0:inst|lpm_counter:LPM_COUNTER_component|cntr_38j:auto_generated|counter_reg_bit[25]'
Slack : 0.641
TNS   : 0.000

Type  : Slow 1100mV 85C Model Recovery 'lpm_counter0:inst|lpm_counter:LPM_COUNTER_component|cntr_38j:auto_generated|counter_reg_bit[25]'
Slack : -1.030
TNS   : -4.110

Type  : Slow 1100mV 85C Model Removal 'lpm_counter0:inst|lpm_counter:LPM_COUNTER_component|cntr_38j:auto_generated|counter_reg_bit[25]'
Slack : 0.959
TNS   : 0.000

Type  : Slow 1100mV 85C Model Minimum Pulse Width 'Clk'
Slack : -0.538
TNS   : -20.071

Type  : Slow 1100mV 85C Model Minimum Pulse Width 'lpm_counter0:inst|lpm_counter:LPM_COUNTER_component|cntr_38j:auto_generated|counter_reg_bit[25]'
Slack : -0.538
TNS   : -3.128

Type  : Slow 1100mV 0C Model Setup 'Clk'
Slack : -5.439
TNS   : -95.527

Type  : Slow 1100mV 0C Model Setup 'lpm_counter0:inst|lpm_counter:LPM_COUNTER_component|cntr_38j:auto_generated|counter_reg_bit[25]'
Slack : -0.978
TNS   : -3.189

Type  : Slow 1100mV 0C Model Hold 'Clk'
Slack : -1.085
TNS   : -26.300

Type  : Slow 1100mV 0C Model Hold 'lpm_counter0:inst|lpm_counter:LPM_COUNTER_component|cntr_38j:auto_generated|counter_reg_bit[25]'
Slack : 0.568
TNS   : 0.000

Type  : Slow 1100mV 0C Model Recovery 'lpm_counter0:inst|lpm_counter:LPM_COUNTER_component|cntr_38j:auto_generated|counter_reg_bit[25]'
Slack : -1.025
TNS   : -4.083

Type  : Slow 1100mV 0C Model Removal 'lpm_counter0:inst|lpm_counter:LPM_COUNTER_component|cntr_38j:auto_generated|counter_reg_bit[25]'
Slack : 0.873
TNS   : 0.000

Type  : Slow 1100mV 0C Model Minimum Pulse Width 'Clk'
Slack : -0.538
TNS   : -20.723

Type  : Slow 1100mV 0C Model Minimum Pulse Width 'lpm_counter0:inst|lpm_counter:LPM_COUNTER_component|cntr_38j:auto_generated|counter_reg_bit[25]'
Slack : -0.538
TNS   : -3.114

Type  : Fast 1100mV 85C Model Setup 'Clk'
Slack : -2.559
TNS   : -34.383

Type  : Fast 1100mV 85C Model Setup 'lpm_counter0:inst|lpm_counter:LPM_COUNTER_component|cntr_38j:auto_generated|counter_reg_bit[25]'
Slack : 0.033
TNS   : 0.000

Type  : Fast 1100mV 85C Model Hold 'Clk'
Slack : -0.884
TNS   : -21.522

Type  : Fast 1100mV 85C Model Hold 'lpm_counter0:inst|lpm_counter:LPM_COUNTER_component|cntr_38j:auto_generated|counter_reg_bit[25]'
Slack : 0.264
TNS   : 0.000

Type  : Fast 1100mV 85C Model Recovery 'lpm_counter0:inst|lpm_counter:LPM_COUNTER_component|cntr_38j:auto_generated|counter_reg_bit[25]'
Slack : 0.033
TNS   : 0.000

Type  : Fast 1100mV 85C Model Removal 'lpm_counter0:inst|lpm_counter:LPM_COUNTER_component|cntr_38j:auto_generated|counter_reg_bit[25]'
Slack : 0.429
TNS   : 0.000

Type  : Fast 1100mV 85C Model Minimum Pulse Width 'Clk'
Slack : -0.268
TNS   : -2.523

Type  : Fast 1100mV 85C Model Minimum Pulse Width 'lpm_counter0:inst|lpm_counter:LPM_COUNTER_component|cntr_38j:auto_generated|counter_reg_bit[25]'
Slack : 0.142
TNS   : 0.000

Type  : Fast 1100mV 0C Model Setup 'Clk'
Slack : -2.443
TNS   : -30.332

Type  : Fast 1100mV 0C Model Setup 'lpm_counter0:inst|lpm_counter:LPM_COUNTER_component|cntr_38j:auto_generated|counter_reg_bit[25]'
Slack : 0.078
TNS   : 0.000

Type  : Fast 1100mV 0C Model Hold 'Clk'
Slack : -0.931
TNS   : -22.669

Type  : Fast 1100mV 0C Model Hold 'lpm_counter0:inst|lpm_counter:LPM_COUNTER_component|cntr_38j:auto_generated|counter_reg_bit[25]'
Slack : 0.238
TNS   : 0.000

Type  : Fast 1100mV 0C Model Recovery 'lpm_counter0:inst|lpm_counter:LPM_COUNTER_component|cntr_38j:auto_generated|counter_reg_bit[25]'
Slack : 0.092
TNS   : 0.000

Type  : Fast 1100mV 0C Model Removal 'lpm_counter0:inst|lpm_counter:LPM_COUNTER_component|cntr_38j:auto_generated|counter_reg_bit[25]'
Slack : 0.379
TNS   : 0.000

Type  : Fast 1100mV 0C Model Minimum Pulse Width 'Clk'
Slack : -0.273
TNS   : -2.593

Type  : Fast 1100mV 0C Model Minimum Pulse Width 'lpm_counter0:inst|lpm_counter:LPM_COUNTER_component|cntr_38j:auto_generated|counter_reg_bit[25]'
Slack : 0.148
TNS   : 0.000

------------------------------------------------------------
